
> alsatian@1.0.0-alpha.8 test C:\Users\james.monger\Desktop\js\a\alsatian
> npm run unit-tests


> alsatian@1.0.0-alpha.8 unit-tests C:\Users\james.monger\Desktop\js\a\alsatian
> istanbul cover ./cli/alsatian-cli.js "./test/unit-tests/**/*.spec.js" && npm run remap-coverage

TAP version 13
1..691
ok 1 expectShouldBeExposed
ok 2 focusTestShouldBeExposed
ok 3 focusTestsShouldBeExposed
ok 4 ignoreTestShouldBeExposed
ok 5 ignoreTestsShouldBeExposed
ok 6 testShouldBeExposed
ok 7 testCaseShouldBeExposed
ok 8 testRunnerShouldBeExposed
ok 9 spyOnShouldBeExposed
ok 10 setupShouldBeExposed
ok 11 teardownShouldBeExposed
ok 12 teardownShouldBeExposed
ok 13 onePassingTestFixturesExitsWithNoError
ok 14 oneErroringTestFixturesExitsWithError
ok 15 oneErroringTestFixturesExitsWithError
ok 16 testMetaDataMarkedAsAsync
ok 17 testKeyMetaDataAdded [ "key" ]
ok 18 testKeyMetaDataAdded [ "another key" ]
ok 19 testKeyMetaDataAdded [ "something-different" ]
ok 20 testDescriptionMetaDataAdded [ "Some Test" ]
ok 21 testDescriptionMetaDataAdded [ "Another sort of test" ]
ok 22 testDescriptionMetaDataAdded [ "Make sure it works" ]
ok 23 correctTestCountAdded [ 1 ]
ok 24 correctTestCountAdded [ 2 ]
ok 25 correctTestCountAdded [ 42 ]
ok 26 noDuplicateTestKeysAdded [ 1 ]
ok 27 noDuplicateTestKeysAdded [ 2 ]
ok 28 noDuplicateTestKeysAdded [ 42 ]
ok 29 noDuplicateTestKeysAdded [ "key" ]
ok 30 noDuplicateTestKeysAdded [ "another key" ]
ok 31 noDuplicateTestKeysAdded [ "something-different" ]
ok 32 noDuplicateTestKeysAdded
ok 33 noDuplicateTestKeysAdded [ "key" ]
ok 34 noDuplicateTestKeysAdded [ "another key" ]
ok 35 noDuplicateTestKeysAdded [ "something-different" ]
ok 36 noDuplicateTestKeysAdded
ok 37 noDuplicateTestKeysAdded
ok 38 setupFunctionMetaDataAdded [ "key" ]
ok 39 setupFunctionMetaDataAdded [ "another key" ]
ok 40 setupFunctionMetaDataAdded [ "something-different" ]
ok 41 correctTestCountAdded [ 1 ]
ok 42 correctTestCountAdded [ 2 ]
ok 43 correctTestCountAdded [ 42 ]
ok 44 correctTestCountAdded
ok 45 teardownFunctionMetaDataAdded [ "key" ]
ok 46 teardownFunctionMetaDataAdded [ "another key" ]
ok 47 teardownFunctionMetaDataAdded [ "something-different" ]
ok 48 correctTestCountAdded [ 1 ]
ok 49 correctTestCountAdded [ 2 ]
ok 50 correctTestCountAdded [ 42 ]
ok 51 correctTestCountAdded
ok 52 testKeyMetaDataAdded [ "key" ]
ok 53 testKeyMetaDataAdded [ "another key" ]
ok 54 testKeyMetaDataAdded [ "something-different" ]
ok 55 correctTestCountAdded [ 1 ]
ok 56 correctTestCountAdded [ 2 ]
ok 57 correctTestCountAdded [ 42 ]
ok 58 noDuplicateTestKeysAdded [ 1 ]
ok 59 noDuplicateTestKeysAdded [ 2 ]
ok 60 noDuplicateTestKeysAdded [ 42 ]
ok 61 testCasesAddedAsMetaData
ok 62 testCaseArgumentsMetaDataAdded [ [] ]
ok 63 testCaseArgumentsMetaDataAdded [ [1,2,3] ]
ok 64 testCaseArgumentsMetaDataAdded [ ["this","that","the other"] ]
ok 65 testCaseKeyMetaDataAddedWithCorrectKey [ "key" ]
ok 66 testCaseKeyMetaDataAddedWithCorrectKey [ "another key" ]
ok 67 testCaseKeyMetaDataAddedWithCorrectKey [ "something-different" ]
ok 68 testCaseArgumentsAlwaysAddedAsFirstIndex [ 1 ]
ok 69 testCaseArgumentsAlwaysAddedAsFirstIndex [ 2 ]
ok 70 testCaseArgumentsAlwaysAddedAsFirstIndex [ 42 ]
ok 71 testCaseArgumentsAlwaysAddedAsFirstIndex
ok 72 testKeyMetaDataAdded [ "key" ]
ok 73 testKeyMetaDataAdded [ "another key" ]
ok 74 testKeyMetaDataAdded [ "something-different" ]
ok 75 correctTestCountAdded [ 1 ]
ok 76 correctTestCountAdded [ 2 ]
ok 77 correctTestCountAdded [ 42 ]
ok 78 noDuplicateTestKeysAdded [ 1 ]
ok 79 noDuplicateTestKeysAdded [ 2 ]
ok 80 noDuplicateTestKeysAdded [ 42 ]
ok 81 noDuplicateTestKeysAdded [ 1 ]
ok 82 noDuplicateTestKeysAdded [ 2 ]
ok 83 noDuplicateTestKeysAdded [ 42 ]
ok 84 incorrectTestTimeoutThrowsError [ 0 ]
ok 85 incorrectTestTimeoutThrowsError [ -1 ]
ok 86 incorrectTestTimeoutThrowsError [ -42 ]
ok 87 incorrectTestTimeoutThrowsError [ [], 1 ]
ok 88 incorrectTestTimeoutThrowsError [ [1,2], 42 ]
ok 89 incorrectTestTimeoutThrowsError [ "", "something" ]
ok 90 incorrectTestTimeoutThrowsError [ "something", "another thing" ]
ok 91 shouldNotMatchMessage [ [1], 1 ]
ok 92 shouldNotMatchMessage [ [1,42], 42 ]
ok 93 shouldNotMatchMessage [ "something", "something" ]
ok 94 shouldNotMatchMessage [ "something", "thing" ]
ok 95 shouldNotMatchMessage [ "something", "something else" ]
ok 96 shouldNotMatchMessage [ "", "something" ]
ok 97 shouldNotMatchMessage [ 0, 42 ]
ok 98 shouldNotMatchMessage [ 42, 0 ]
ok 99 shouldNotMatchMessage [ undefined, undefined ]
ok 100 shouldNotMatchMessage [ null, null ]
ok 101 shouldNotMatchMessage [ 0, 0 ]
ok 102 shouldNotMatchMessage [ 42, 42 ]
ok 103 shouldNotMatchMessage [ 4.2, 4.2 ]
ok 104 shouldNotMatchMessage [ -4.2, -4.2 ]
ok 105 shouldNotMatchMessage [ "", "" ]
ok 106 shouldNotMatchMessage [ "something", "something" ]
ok 107 shouldNotMatchMessage
ok 108 actualErrorThrownWhenNoneExpectedShouldGiveCorrectMessage
ok 109 actualErrorIsNotCorrectTypeGivesCorrectMessage [ undefined, undefined ]
ok 110 actualErrorIsNotCorrectTypeGivesCorrectMessage [ undefined, undefined ]
ok 111 actualErrorIsNotCorrectTypeGivesCorrectMessage [ undefined, undefined ]
ok 112 actualErrorIsNotCorrectTypeGivesCorrectMessage [ undefined, undefined ]
ok 113 actualErrorIsNotCorrectTypeGivesCorrectMessage [ undefined, undefined ]
ok 114 actualErrorIsNotCorrectTypeGivesCorrectMessage [ undefined, undefined ]
ok 115 actualErrorIsNotCorrectTypeGivesCorrectMessage [ undefined, undefined ]
ok 116 actualErrorIsNotCorrectTypeGivesCorrectMessage [ undefined, undefined ]
ok 117 actualErrorIsNotCorrectTypeGivesCorrectMessage [ undefined, undefined ]
ok 118 actualErrorIsNotCorrectTypeGivesCorrectMessage [ undefined, undefined ]
ok 119 actualErrorIsNotCorrectTypeGivesCorrectMessage [ undefined, undefined ]
ok 120 actualErrorIsNotCorrectTypeGivesCorrectMessage [ undefined, undefined ]
ok 121 actualErrorIsNotCorrectTypeGivesCorrectMessage [ undefined, undefined ]
ok 122 actualErrorIsNotCorrectTypeGivesCorrectMessage [ undefined, undefined ]
ok 123 actualErrorIsNotCorrectTypeGivesCorrectMessage [ undefined, undefined ]
ok 124 actualErrorIsNotCorrectTypeGivesCorrectMessage [ undefined, undefined ]
ok 125 actualErrorIsNotCorrectTypeGivesCorrectMessage [ undefined, undefined ]
ok 126 actualErrorIsNotCorrectTypeGivesCorrectMessage [ undefined, undefined ]
ok 127 actualErrorIsNotCorrectTypeGivesCorrectMessage [ undefined, undefined ]
ok 128 actualErrorIsNotCorrectTypeGivesCorrectMessage [ undefined, undefined ]
ok 129 actualErrorIsNotCorrectTypeGivesCorrectMessage [ undefined, undefined ]
ok 130 actualErrorIsMatchingTypeButShouldntBeGivesCorrectMessage [ undefined ]
ok 131 actualErrorIsMatchingTypeButShouldntBeGivesCorrectMessage [ undefined ]
ok 132 actualErrorIsMatchingTypeButShouldntBeGivesCorrectMessage [ undefined ]
ok 133 actualErrorIsMatchingTypeButShouldntBeGivesCorrectMessage [ undefined ]
ok 134 actualErrorIsMatchingTypeButShouldntBeGivesCorrectMessage [ undefined ]
ok 135 actualErrorHasIncorrectMessageGivesCorrectMessage [ "something went wrong" ]
ok 136 actualErrorHasIncorrectMessageGivesCorrectMessage [ "A much worse thing happened!" ]
ok 137 actualErrorHasIncorrectMessageGivesCorrectMessage [ "THE END IS NIGH" ]
ok 138 actualErrorHasMatchingMessageButShouldntBeGivesCorrectMessage [ "something went wrong" ]
ok 139 actualErrorHasMatchingMessageButShouldntBeGivesCorrectMessage [ "A much worse thing happened!" ]
ok 140 actualErrorHasMatchingMessageButShouldntBeGivesCorrectMessage [ "THE END IS NIGH" ]
ok 141 actualErrorHasIncorrectTypeAndMessageGivesCorrectMessage [ undefined, "something went wrong" ]
ok 142 actualErrorHasIncorrectTypeAndMessageGivesCorrectMessage [ undefined, "A much worse thing happened!" ]
ok 143 actualErrorHasIncorrectTypeAndMessageGivesCorrectMessage [ undefined, "THE END IS NIGH" ]
ok 144 actualErrorHasMatchingMessageAndTypeButShouldntBeGivesCorrectMessage [ undefined, "something went wrong" ]
ok 145 actualErrorHasMatchingMessageAndTypeButShouldntBeGivesCorrectMessage [ undefined, "A much worse thing happened!" ]
ok 146 actualErrorHasMatchingMessageAndTypeButShouldntBeGivesCorrectMessage [ undefined, "THE END IS NIGH" ]
ok 147 actualErrorHasMatchingMessageAndTypeButShouldntBeGivesCorrectMessage [ "something", "something else" ]
ok 148 actualErrorHasMatchingMessageAndTypeButShouldntBeGivesCorrectMessage [ "", "something" ]
ok 149 actualErrorHasMatchingMessageAndTypeButShouldntBeGivesCorrectMessage [ 0, 42 ]
ok 150 actualErrorHasMatchingMessageAndTypeButShouldntBeGivesCorrectMessage [ 42, 0 ]
ok 151 shouldNotMatchMessage [ undefined, undefined ]
ok 152 shouldNotMatchMessage [ null, null ]
ok 153 shouldNotMatchMessage [ 0, 0 ]
ok 154 shouldNotMatchMessage [ 42, 42 ]
ok 155 shouldNotMatchMessage [ 4.2, 4.2 ]
ok 156 shouldNotMatchMessage [ -4.2, -4.2 ]
ok 157 shouldNotMatchMessage [ "", "" ]
ok 158 shouldNotMatchMessage [ "something", "something" ]
ok 159 shouldNotMatchMessage
ok 160 shouldNotBeCalledMessage
ok 161 shouldBeCalledWithArgsMessage [ ["this"] ]
ok 162 shouldBeCalledWithArgsMessage [ ["this","that"] ]
ok 163 shouldBeCalledWithArgsMessage [ [1,2,3] ]
ok 164 shouldNotBeCalledWithArgsMessage [ ["this"] ]
ok 165 shouldNotBeCalledWithArgsMessage [ ["this","that"] ]
ok 166 shouldNotBeCalledWithArgsMessage [ [1,2,3] ]
ok 167 shouldNotBeCalledWithArgsMessage [ 0, 1 ]
ok 168 shouldNotBeCalledWithArgsMessage [ 1, 42 ]
ok 169 shouldNotBeGreaterThanMessage [ 1, 0 ]
ok 170 shouldNotBeGreaterThanMessage [ 2, 2 ]
ok 171 shouldNotBeGreaterThanMessage [ 42, 1 ]
ok 172 shouldNotBeGreaterThanMessage [ 1, 0 ]
ok 173 shouldNotBeGreaterThanMessage [ 42, 1 ]
ok 174 shouldNotBeLessThanMessage [ 0, 1 ]
ok 175 shouldNotBeLessThanMessage [ 2, 2 ]
ok 176 shouldNotBeLessThanMessage [ 1, 42 ]
ok 177 shouldNotBeLessThanMessage [ "something" ]
ok 178 shouldNotBeLessThanMessage [ "something else" ]
ok 179 shouldNotBeLessThanMessage [ "another thing" ]
ok 180 shouldStoreExpectedValue [ undefined ]
ok 181 shouldStoreExpectedValue [ null ]
ok 182 shouldStoreExpectedValue [ 0 ]
ok 183 shouldStoreExpectedValue [ 42 ]
ok 184 shouldStoreExpectedValue [ 4.2 ]
ok 185 shouldStoreExpectedValue [ -4.2 ]
ok 186 shouldStoreExpectedValue [ "" ]
ok 187 shouldStoreExpectedValue [ "something" ]
ok 188 shouldStoreActualValue [ undefined ]
ok 189 shouldStoreActualValue [ null ]
ok 190 shouldStoreActualValue [ 0 ]
ok 191 shouldStoreActualValue [ 42 ]
ok 192 shouldStoreActualValue [ 4.2 ]
ok 193 shouldStoreActualValue [ -4.2 ]
ok 194 shouldStoreActualValue [ "" ]
ok 195 shouldStoreActualValue [ "something" ]
ok 196 shouldStoreActualValue [ "thing", {} ]
ok 197 shouldStoreActualValue [ "another thing", {} ]
ok 198 shouldNotMatchMessage [ "something", {} ]
ok 199 shouldNotMatchMessage [ "another thing", {} ]
ok 200 shouldNotMatchMessage [ 0 ]
ok 201 shouldNotMatchMessage [ -1 ]
ok 202 shouldNotMatchMessage [ false ]
ok 203 shouldNotMatchMessage [ "" ]
ok 204 shouldNotBeTruthyMessage [ 1 ]
ok 205 shouldNotBeTruthyMessage [ 42 ]
ok 206 shouldNotBeTruthyMessage [ true ]
ok 207 shouldNotBeTruthyMessage [ "something" ]
ok 208 shouldNotBeTruthyMessage [ null ]
ok 209 shouldNotBeTruthyMessage [ 0 ]
ok 210 shouldNotBeTruthyMessage [ 42 ]
ok 211 shouldNotBeTruthyMessage [ -42 ]
ok 212 shouldNotBeTruthyMessage [ "" ]
ok 213 shouldNotBeTruthyMessage [ "something" ]
ok 214 shouldNotBeTruthyMessage [ {} ]
ok 215 shouldNotBeTruthyMessage [ {"with":"something"} ]
ok 216 shouldNotBeTruthyMessage [ [] ]
ok 217 shouldNotBeTruthyMessage [ [1] ]
ok 218 shouldNotBeTruthyMessage [ [1,2] ]
ok 219 definedShouldThrowErrorForUndefined
ok 220 definedShouldThrowCorrectErrorWithCorrectMessageForUndefined
ok 221 notDefinedShouldThrowError [ null ]
ok 222 notDefinedShouldThrowError [ 0 ]
ok 223 notDefinedShouldThrowError [ 42 ]
ok 224 notDefinedShouldThrowError [ -42 ]
ok 225 notDefinedShouldThrowError [ "" ]
ok 226 notDefinedShouldThrowError [ "something" ]
ok 227 notDefinedShouldThrowError [ {} ]
ok 228 notDefinedShouldThrowError [ {"with":"something"} ]
ok 229 notDefinedShouldThrowError [ [] ]
ok 230 notDefinedShouldThrowError [ [1] ]
ok 231 notDefinedShouldThrowError [ [1,2] ]
ok 232 notDefinedShouldNotThrowErrorForUndefined
ok 233 notDefinedShouldNotThrowErrorForUndefined [ 1, 0 ]
ok 234 notDefinedShouldNotThrowErrorForUndefined [ 42, 1 ]
ok 235 equalShouldThrowError [ 1, 1 ]
ok 236 equalShouldThrowError [ 42, 42 ]
ok 237 lessThanShouldThrowError [ 0, 1 ]
ok 238 lessThanShouldThrowError [ 1, 42 ]
ok 239 notGreaterThanShouldThrowError [ 1, 0 ]
ok 240 notGreaterThanShouldThrowError [ 42, 1 ]
ok 241 notEqualShouldNotThrowError [ 1, 1 ]
ok 242 notEqualShouldNotThrowError [ 42, 42 ]
ok 243 notLessThanShouldNotThrowError [ 0, 1 ]
ok 244 notLessThanShouldNotThrowError [ 1, 42 ]
ok 245 shouldBeGreaterThanMessage [ 0, 1 ]
ok 246 shouldBeGreaterThanMessage [ 1, 42 ]
ok 247 shouldNotBeGreaterThanMessage [ 1, 0 ]
ok 248 shouldNotBeGreaterThanMessage [ 42, 1 ]
ok 249 shouldNotBeGreaterThanMessage [ 1, 50 ]
ok 250 shouldNotBeGreaterThanMessage [ 42, 200 ]
ok 251 equalShouldThrowError [ 1, 1 ]
ok 252 equalShouldThrowError [ 42, 42 ]
ok 253 greaterThanShouldThrowError [ 22, 1 ]
ok 254 greaterThanShouldThrowError [ 55, 5 ]
ok 255 lessThanShouldThrowWhenExpectedNotLessThan [ 1, 50 ]
ok 256 lessThanShouldThrowWhenExpectedNotLessThan [ 42, 200 ]
ok 257 equalShouldNotThrowWhenExpectedNotLessThan [ 1, 1 ]
ok 258 equalShouldNotThrowWhenExpectedNotLessThan [ 42, 42 ]
ok 259 greaterThanShouldNotThrowWhenExpectedNotLessThan [ 20, 1 ]
ok 260 greaterThanShouldNotThrowWhenExpectedNotLessThan [ 125, 42 ]
ok 261 shouldThrowLessThanMatchErrorWithCorrectMessage [ 7, 1 ]
ok 262 shouldThrowLessThanMatchErrorWithCorrectMessage [ 72, 42 ]
ok 263 shouldThrowLessThanMatchErrorWithCorrectNotMessage [ 1, 7 ]
ok 264 shouldThrowLessThanMatchErrorWithCorrectNotMessage [ 42, 72 ]
ok 265 shouldThrowLessThanMatchErrorWithCorrectNotMessage
ok 266 nullShouldThrowErrorForNonNullValues [ undefined ]
ok 267 nullShouldThrowErrorForNonNullValues [ 0 ]
ok 268 nullShouldThrowErrorForNonNullValues [ 42 ]
ok 269 nullShouldThrowErrorForNonNullValues [ -42 ]
ok 270 nullShouldThrowErrorForNonNullValues [ "" ]
ok 271 nullShouldThrowErrorForNonNullValues [ "something" ]
ok 272 nullShouldThrowErrorForNonNullValues [ {} ]
ok 273 nullShouldThrowErrorForNonNullValues [ {"with":"something"} ]
ok 274 nullShouldThrowErrorForNonNullValues [ [] ]
ok 275 nullShouldThrowErrorForNonNullValues [ [1] ]
ok 276 nullShouldThrowErrorForNonNullValues [ [1,2] ]
ok 277 nullShouldThrowCorrectErrorWithCorrectMessageForNonNullValues [ undefined ]
ok 278 nullShouldThrowCorrectErrorWithCorrectMessageForNonNullValues [ 0 ]
ok 279 nullShouldThrowCorrectErrorWithCorrectMessageForNonNullValues [ 42 ]
ok 280 nullShouldThrowCorrectErrorWithCorrectMessageForNonNullValues [ -42 ]
ok 281 nullShouldThrowCorrectErrorWithCorrectMessageForNonNullValues [ "" ]
ok 282 nullShouldThrowCorrectErrorWithCorrectMessageForNonNullValues [ "something" ]
ok 283 nullShouldThrowCorrectErrorWithCorrectMessageForNonNullValues [ {} ]
ok 284 nullShouldThrowCorrectErrorWithCorrectMessageForNonNullValues [ {"with":"something"} ]
ok 285 nullShouldThrowCorrectErrorWithCorrectMessageForNonNullValues [ [] ]
ok 286 nullShouldThrowCorrectErrorWithCorrectMessageForNonNullValues [ [1] ]
ok 287 nullShouldThrowCorrectErrorWithCorrectMessageForNonNullValues [ [1,2] ]
ok 288 notNullShouldThrowError
ok 289 notNullShouldNotThrowErrorForNonNullValues [ undefined ]
ok 290 notNullShouldNotThrowErrorForNonNullValues [ 0 ]
ok 291 notNullShouldNotThrowErrorForNonNullValues [ 42 ]
ok 292 notNullShouldNotThrowErrorForNonNullValues [ -42 ]
ok 293 notNullShouldNotThrowErrorForNonNullValues [ "" ]
ok 294 notNullShouldNotThrowErrorForNonNullValues [ "something" ]
ok 295 notNullShouldNotThrowErrorForNonNullValues [ {} ]
ok 296 notNullShouldNotThrowErrorForNonNullValues [ {"with":"something"} ]
ok 297 notNullShouldNotThrowErrorForNonNullValues [ [] ]
ok 298 notNullShouldNotThrowErrorForNonNullValues [ [1] ]
ok 299 notNullShouldNotThrowErrorForNonNullValues [ [1,2] ]
ok 300 notNullShouldNotThrowErrorForNonNullValues [ 0 ]
ok 301 notNullShouldNotThrowErrorForNonNullValues [ false ]
ok 302 notNullShouldNotThrowErrorForNonNullValues [ "" ]
ok 303 shouldBeTruthyAndIsDoesNotThrow [ -1 ]
ok 304 shouldBeTruthyAndIsDoesNotThrow [ 1 ]
ok 305 shouldBeTruthyAndIsDoesNotThrow [ 42 ]
ok 306 shouldBeTruthyAndIsDoesNotThrow [ true ]
ok 307 shouldBeTruthyAndIsDoesNotThrow [ "something" ]
ok 308 shouldNotBeTruthyMessageAndIsNotDoesNotThrow [ 0 ]
ok 309 shouldNotBeTruthyMessageAndIsNotDoesNotThrow [ false ]
ok 310 shouldNotBeTruthyMessageAndIsNotDoesNotThrow [ "" ]
ok 311 shouldNotBeTruthyMessageAndIsThrows [ -1 ]
ok 312 shouldNotBeTruthyMessageAndIsThrows [ 1 ]
ok 313 shouldNotBeTruthyMessageAndIsThrows [ 42 ]
ok 314 shouldNotBeTruthyMessageAndIsThrows [ true ]
ok 315 shouldNotBeTruthyMessageAndIsThrows [ "something" ]
ok 316 shouldNotBeTruthyMessageAndIsThrows [ undefined ]
ok 317 shouldNotBeTruthyMessageAndIsThrows [ null ]
ok 318 shouldNotBeTruthyMessageAndIsThrows [ 0 ]
ok 319 shouldNotBeTruthyMessageAndIsThrows [ 42 ]
ok 320 shouldNotBeTruthyMessageAndIsThrows [ 4.2 ]
ok 321 shouldNotBeTruthyMessageAndIsThrows [ -4.2 ]
ok 322 shouldNotBeTruthyMessageAndIsThrows [ "" ]
ok 323 shouldNotBeTruthyMessageAndIsThrows [ "something" ]
ok 324 matchingSimpleTypesDontThrow [ undefined, undefined ]
ok 325 matchingSimpleTypesDontThrow [ null, null ]
ok 326 matchingSimpleTypesDontThrow [ 0, 0 ]
ok 327 matchingSimpleTypesDontThrow [ 42, 42 ]
ok 328 matchingSimpleTypesDontThrow [ 4.2, 4.2 ]
ok 329 matchingSimpleTypesDontThrow [ -4.2, -4.2 ]
ok 330 matchingSimpleTypesDontThrow [ "", "" ]
ok 331 matchingSimpleTypesDontThrow [ "something", "something" ]
ok 332 differentValuesThrowsExactMatchError
ok 333 differentSimpleValuesToThrow [ "something", "something else" ]
ok 334 differentSimpleValuesToThrow [ "", "something" ]
ok 335 differentSimpleValuesToThrow [ 0, 42 ]
ok 336 differentSimpleValuesToThrow [ 42, 0 ]
ok 337 differentSimpleValuesThrowsExactMatchErrorWithCorrectMessage [ "something", "something else" ]
ok 338 differentSimpleValuesThrowsExactMatchErrorWithCorrectMessage [ "", "something" ]
ok 339 differentSimpleValuesThrowsExactMatchErrorWithCorrectMessage [ 0, 42 ]
ok 340 differentSimpleValuesThrowsExactMatchErrorWithCorrectMessage [ 42, 0 ]
ok 341 differentSimpleTypesToThrow [ undefined, null ]
ok 342 differentSimpleTypesToThrow [ null, undefined ]
ok 343 differentSimpleTypesToThrow [ 42, "something" ]
ok 344 differentSimpleTypesToThrow [ "something", 42 ]
ok 345 identicalComplexTypesDontThrow [ {} ]
ok 346 identicalComplexTypesDontThrow [ {"with":"something"} ]
ok 347 identicalComplexTypesDontThrow [ {"with":{"something":"more"},"complex":"!","foSho":true,"answer":42} ]
ok 348 identicalComplexTypesDontThrow [ [] ]
ok 349 identicalComplexTypesDontThrow [ [1,2,3] ]
ok 350 identicalComplexTypesDontThrow [ [{"with":"something"},{"and":"something","else":"!"}] ]
ok 351 matchingComplexTypesThrow [ {}, {} ]
ok 352 matchingComplexTypesThrow [ {"with":"something"}, {"with":"something"} ]
ok 353 matchingComplexTypesThrow [ {"with":{"something":"more"},"complex":"!","foSho":true,"answer":42}, {"with":{"something":"more"},"complex":"!","foSho":true,"answer":42} ]
ok 354 matchingComplexTypesThrow [ [], [] ]
ok 355 matchingComplexTypesThrow [ [1,2,3], [1,2,3] ]
ok 356 matchingComplexTypesThrow [ [{"with":"something"},{"and":"something","else":"!"}], [{"with":"something"},{"and":"something","else":"!"}] ]
ok 357 differentComplexValuesThrowsExactMatchErrorWithCorrectMessage [ {}, {"with":"something"} ]
ok 358 differentComplexValuesThrowsExactMatchErrorWithCorrectMessage [ {"with":"something"}, {} ]
ok 359 differentComplexValuesThrowsExactMatchErrorWithCorrectMessage [ [], [1,2,3] ]
ok 360 differentComplexValuesThrowsExactMatchErrorWithCorrectMessage [ [1,2,3], [] ]
ok 361 differentComplexTypesToThrow [ {}, [] ]
ok 362 differentComplexTypesToThrow [ [], {} ]
ok 363 differentComplexTypesToThrow [ {"with":"something"}, [1,2,3] ]
ok 364 differentComplexTypesToThrow [ [1,2,3], {"with":"something"} ]
ok 365 differentComplexTypesToThrow [ [], {"with":"something"} ]
ok 366 differentComplexTypesToThrow [ [1,2,3], {} ]
ok 367 differentComplexTypesToThrow [ [], 1 ]
ok 368 differentComplexTypesToThrow [ [1,2], 42 ]
ok 369 differentComplexTypesToThrow [ "", "something" ]
ok 370 differentComplexTypesToThrow [ "something", "another thing" ]
ok 371 shouldContainAndDoesDoesNotThrow [ [1], 1 ]
ok 372 shouldContainAndDoesDoesNotThrow [ [1,42], 42 ]
ok 373 shouldContainAndDoesDoesNotThrow [ "something", "something" ]
ok 374 shouldContainAndDoesDoesNotThrow [ "something", "thing" ]
ok 375 shouldNotContainAndDoesNotDoesNotThrow [ [], 1 ]
ok 376 shouldNotContainAndDoesNotDoesNotThrow [ [1,2], 42 ]
ok 377 shouldNotContainAndDoesNotDoesNotThrow [ "", "something" ]
ok 378 shouldNotContainAndDoesNotDoesNotThrow [ "something", "another thing" ]
ok 379 shouldNotContainAndDoesThrows [ [1], 1 ]
ok 380 shouldNotContainAndDoesThrows [ [1,42], 42 ]
ok 381 shouldNotContainAndDoesThrows [ "something", "something" ]
ok 382 shouldNotContainAndDoesThrows [ "something", "thing" ]
ok 383 shouldNotContainAndDoesThrows [ undefined ]
ok 384 shouldNotContainAndDoesThrows [ null ]
ok 385 shouldNotContainAndDoesThrows [ 0 ]
ok 386 shouldNotContainAndDoesThrows [ 42 ]
ok 387 shouldNotContainAndDoesThrows [ 4.2 ]
ok 388 shouldNotContainAndDoesThrows [ -4.2 ]
ok 389 shouldNotContainAndDoesThrows [ "" ]
ok 390 shouldNotContainAndDoesThrows [ "something" ]
ok 391 matchingSimpleTypesDontThrow [ undefined, undefined ]
ok 392 matchingSimpleTypesDontThrow [ null, null ]
ok 393 matchingSimpleTypesDontThrow [ 0, 0 ]
ok 394 matchingSimpleTypesDontThrow [ 42, 42 ]
ok 395 matchingSimpleTypesDontThrow [ 4.2, 4.2 ]
ok 396 matchingSimpleTypesDontThrow [ -4.2, -4.2 ]
ok 397 matchingSimpleTypesDontThrow [ "", "" ]
ok 398 matchingSimpleTypesDontThrow [ "something", "something" ]
ok 399 differentValuesThrowsExactMatchError
ok 400 differentSimpleValuesToThrow [ "something", "something else" ]
ok 401 differentSimpleValuesToThrow [ "", "something" ]
ok 402 differentSimpleValuesToThrow [ 0, 42 ]
ok 403 differentSimpleValuesToThrow [ 42, 0 ]
ok 404 differentSimpleValuesThrowsExactMatchErrorWithCorrectMessage [ "something", "something else" ]
ok 405 differentSimpleValuesThrowsExactMatchErrorWithCorrectMessage [ "", "something" ]
ok 406 differentSimpleValuesThrowsExactMatchErrorWithCorrectMessage [ 0, 42 ]
ok 407 differentSimpleValuesThrowsExactMatchErrorWithCorrectMessage [ 42, 0 ]
ok 408 nullAndUndefinedNotToThrow [ undefined, null ]
ok 409 nullAndUndefinedNotToThrow [ null, undefined ]
ok 410 differentSimpleTypesToThrow [ 42, "something" ]
ok 411 differentSimpleTypesToThrow [ "something", 42 ]
ok 412 identicalComplexTypesDontThrow [ {} ]
ok 413 identicalComplexTypesDontThrow [ {"with":"something"} ]
ok 414 identicalComplexTypesDontThrow [ {"with":{"something":"more"},"complex":"!","foSho":true,"answer":42} ]
ok 415 identicalComplexTypesDontThrow [ [] ]
ok 416 identicalComplexTypesDontThrow [ [1,2,3] ]
ok 417 identicalComplexTypesDontThrow [ [{"with":"something"},{"and":"something","else":"!"}] ]
ok 418 matchingComplexTypesNotThrow [ {}, {} ]
ok 419 matchingComplexTypesNotThrow [ {"with":"something"}, {"with":"something"} ]
ok 420 matchingComplexTypesNotThrow [ {"with":{"something":"more"},"complex":"!","foSho":true,"answer":42}, {"with":{"something":"more"},"complex":"!","foSho":true,"answer":42} ]
ok 421 matchingComplexTypesNotThrow [ [], [] ]
ok 422 matchingComplexTypesNotThrow [ [1,2,3], [1,2,3] ]
ok 423 matchingComplexTypesNotThrow [ [{"with":"something"},{"and":"something","else":"!"}], [{"with":"something"},{"and":"something","else":"!"}] ]
ok 424 differentComplexValuesThrowsExactMatchErrorWithCorrectMessage [ {}, {"with":"something"} ]
ok 425 differentComplexValuesThrowsExactMatchErrorWithCorrectMessage [ {"with":"something"}, {} ]
ok 426 differentComplexValuesThrowsExactMatchErrorWithCorrectMessage [ [], [1,2,3] ]
ok 427 differentComplexValuesThrowsExactMatchErrorWithCorrectMessage [ [1,2,3], [] ]
ok 428 differentComplexTypesToThrow [ {}, [] ]
ok 429 differentComplexTypesToThrow [ [], {} ]
ok 430 differentComplexTypesToThrow [ {"with":"something"}, [1,2,3] ]
ok 431 differentComplexTypesToThrow [ [1,2,3], {"with":"something"} ]
ok 432 differentComplexTypesToThrow [ [], {"with":"something"} ]
ok 433 differentComplexTypesToThrow [ [1,2,3], {} ]
ok 434 differentDeepComplexTypesToThrow [ {"with":{"something":"deep"}}, [1,2,3] ]
ok 435 differentDeepComplexTypesToThrow [ [{"this":"that"}], {"with":"something"} ]
ok 436 differentDeepComplexToThrow [ {"with":{"something":"deep"}}, {"with":{"something":"different"}} ]
ok 437 differentDeepComplexToThrow [ [{"this":"that"}], [{"this":"and that"}] ]
ok 438 differentDeepComplexToThrow
ok 439 functionNotCalledFails
ok 440 functionNotCalledFailsWithCorrectError
ok 441 functionCalledWithCorrectArgumentsPasses [ [1] ]
ok 442 functionCalledWithCorrectArgumentsPasses [ ["argument"] ]
ok 443 functionCalledWithCorrectArgumentsPasses [ [1,"argument"] ]
ok 444 functionCalledWithCorrectArgumentsPasses [ ["argument",1] ]
ok 445 functionCalledWithSimilarArgumentsFailsWithCorrectError [ ["1"], [1] ]
ok 446 functionCalledWithSimilarArgumentsFailsWithCorrectError [ [1], ["1"] ]
ok 447 functionCalledWithSimilarArgumentsFailsWithCorrectError [ ["42"], [42] ]
ok 448 functionCalledWithSimilarArgumentsFailsWithCorrectError [ [42], ["42"] ]
ok 449 functionCalledWithSimilarArgumentsFailsWithCorrectError [ [1,"42"], [1,42] ]
ok 450 functionCalledWithSimilarArgumentsFailsWithCorrectError [ [1,42], [1,"42"] ]
ok 451 functionCalledWithSimilarArgumentsFailsWithCorrectError [ [1,"42"], ["1",42] ]
ok 452 functionCalledWithSimilarArgumentsFailsWithCorrectError [ ["1",42], [1,"42"] ]
ok 453 functionCalledWithSimilarArgumentsFailsWithCorrectError [ ["1","42"], [1,42] ]
ok 454 functionCalledWithSimilarArgumentsFailsWithCorrectError [ [1,42], ["1","42"] ]
ok 455 functionCalledWithWrongNumberOfArgumentsFailsWithCorrectError [ [], [1] ]
ok 456 functionCalledWithWrongNumberOfArgumentsFailsWithCorrectError [ [1], [] ]
ok 457 functionCalledWithWrongNumberOfArgumentsFailsWithCorrectError [ [], ["argument"] ]
ok 458 functionCalledWithWrongNumberOfArgumentsFailsWithCorrectError [ ["argument"], [] ]
ok 459 functionCalledWithWrongNumberOfArgumentsFailsWithCorrectError [ [1], [1,42] ]
ok 460 functionCalledWithWrongNumberOfArgumentsFailsWithCorrectError [ [42], [1,42] ]
ok 461 functionCalledWithWrongNumberOfArgumentsFailsWithCorrectError [ [], [1,42] ]
ok 462 functionCalledWithWrongNumberOfArgumentsFailsWithCorrectError [ [42,1], [] ]
ok 463 functionCalledWithRightArgumentsInWrongOrderFailsWithCorrectError [ ["argument",1], [1,"argument"] ]
ok 464 functionCalledWithRightArgumentsInWrongOrderFailsWithCorrectError [ [1,"argument"], ["argument",1] ]
ok 465 functionNotCalledPassesWhenShouldNotCall
ok 466 functionThrowsErrorFailsWhenShouldNotThrow
ok 467 functionThrowsErrorFailsWithCorrectError
ok 468 functionCalledWithSimilarArgumentsPasses [ ["1"], [1] ]
ok 469 functionCalledWithSimilarArgumentsPasses [ [1], ["1"] ]
ok 470 functionCalledWithSimilarArgumentsPasses [ ["42"], [42] ]
ok 471 functionCalledWithSimilarArgumentsPasses [ [42], ["42"] ]
ok 472 functionCalledWithSimilarArgumentsPasses [ [1,"42"], [1,42] ]
ok 473 functionCalledWithSimilarArgumentsPasses [ [1,42], [1,"42"] ]
ok 474 functionCalledWithSimilarArgumentsPasses [ [1,"42"], ["1",42] ]
ok 475 functionCalledWithSimilarArgumentsPasses [ ["1",42], [1,"42"] ]
ok 476 functionCalledWithSimilarArgumentsPasses [ ["1","42"], [1,42] ]
ok 477 functionCalledWithSimilarArgumentsPasses [ [1,42], ["1","42"] ]
ok 478 functionCalledWithWrongNumberOfArgumentsPasses [ [], [1] ]
ok 479 functionCalledWithWrongNumberOfArgumentsPasses [ [1], [] ]
ok 480 functionCalledWithWrongNumberOfArgumentsPasses [ [], ["argument"] ]
ok 481 functionCalledWithWrongNumberOfArgumentsPasses [ ["argument"], [] ]
ok 482 functionCalledWithWrongNumberOfArgumentsPasses [ [1], [1,42] ]
ok 483 functionCalledWithWrongNumberOfArgumentsPasses [ [42], [1,42] ]
ok 484 functionCalledWithWrongNumberOfArgumentsPasses [ [], [1,42] ]
ok 485 functionCalledWithWrongNumberOfArgumentsPasses [ [42,1], [] ]
ok 486 functionNotCalledWithRightArgumentsInWrongOrderPasses [ ["argument",1], [1,"argument"] ]
ok 487 functionNotCalledWithRightArgumentsInWrongOrderPasses [ [1,"argument"], ["argument",1] ]
ok 488 functionNotCalledWithDifferentArgumentsFailsWithCorrectError [ [1] ]
ok 489 functionNotCalledWithDifferentArgumentsFailsWithCorrectError [ ["argument"] ]
ok 490 functionNotCalledWithDifferentArgumentsFailsWithCorrectError [ [1,"argument"] ]
ok 491 functionNotCalledWithDifferentArgumentsFailsWithCorrectError [ ["argument",1] ]
ok 492 functionNotCalledWithDifferentArgumentsFailsWithCorrectError
ok 493 functionNotCalledFails
ok 494 functionNotCalledFailsWithCorrectError
ok 495 functionNotCalledPassesWhenShouldNotCall
ok 496 functionThrowsErrorFailsWhenShouldNotThrow
ok 497 functionThrowsErrorFailsWithCorrectError
ok 498 functionThrowsErrorFailsWithCorrectError [ "thing", {} ]
ok 499 functionThrowsErrorFailsWithCorrectError [ "another thing", {} ]
ok 500 shouldMatchAndDoesDoesNotThrow [ "something", {} ]
ok 501 shouldMatchAndDoesDoesNotThrow [ "another thing", {} ]
ok 502 shouldNotMatchAndDoesNotDoesNotThrow [ "thing", {} ]
ok 503 shouldNotMatchAndDoesNotDoesNotThrow [ "another thing", {} ]
ok 504 shouldNotMatchAndDoesThrows [ "something", {} ]
ok 505 shouldNotMatchAndDoesThrows [ "another thing", {} ]
ok 506 shouldNotMatchAndDoesThrows
ok 507 errorThrownWhenExpectedPasses
ok 508 differentErrorThrownWhenNoneExpectedFailsWithCorrectMessage [ undefined, "something went wrong" ]
ok 509 differentErrorThrownWhenNoneExpectedFailsWithCorrectMessage [ undefined, "A much worse thing happened!" ]
ok 510 differentErrorThrownWhenNoneExpectedFailsWithCorrectMessage [ undefined, "THE END IS NIGH" ]
ok 511 differentTypeErrorThrownWhenNoneExpectedFailsWithCorrectMessage [ undefined, undefined ]
ok 512 differentTypeErrorThrownWhenNoneExpectedFailsWithCorrectMessage [ undefined, undefined ]
ok 513 differentTypeErrorThrownWhenNoneExpectedFailsWithCorrectMessage [ undefined, undefined ]
ok 514 differentMessageErrorThrownWhenNoneExpectedFailsWithCorrectMessage [ "something went wrong" ]
ok 515 differentMessageErrorThrownWhenNoneExpectedFailsWithCorrectMessage [ "A much worse thing happened!" ]
ok 516 differentMessageErrorThrownWhenNoneExpectedFailsWithCorrectMessage [ "THE END IS NIGH" ]
ok 517 errorThrownWhenNoneExpectedShouldGiveCorrectMessage
ok 518 noErrorThrownWhenNoneExpectedPasses
ok 519 differentErrorThrownWhenNoneExpectedPasses
ok 520 differentTypeErrorThrownWhenNoneExpectedPasses
ok 521 differentMessageErrorThrownWhenNoneExpectedPasses
ok 522 differentMessageErrorThrownWhenNoneExpectedPasses
ok 523 functionDoesNotThrowErrorFails
ok 524 functionDoesNotThrowErrorFailsWithCorrectError
ok 525 functionDoesNotThrowErrorPassesWhenShouldNotThrow
ok 526 functionThrowsErrorFailsWhenShouldNotThrow
ok 527 functionThrowsErrorFailsWithCorrectError
ok 528 functionThrowsErrorFailsWithCorrectError
ok 529 targetsFunctionIsNoLongerASpyWhenCalledFromFunction
ok 530 targetsOriginalFunctionIsCalledAfterRestoreIsCalled
ok 531 targetsOriginalFunctionIsCalledAfterRestoreIsCalled [ [] ]
ok 532 targetsOriginalFunctionIsCalledAfterRestoreIsCalled [ [1] ]
ok 533 targetsOriginalFunctionIsCalledAfterRestoreIsCalled [ [1,2] ]
ok 534 targetsOriginalFunctionIsCalledAfterRestoreIsCalled [ ["one",2] ]
ok 535 targetsOriginalFunctionIsCalledAfterRestoreIsCalled [ [{"some":"thing"},[]] ]
ok 536 targetsOriginalFunctionIsCalledAfterRestoreIsCalled
ok 537 functionStillWorks
ok 538 callsPropertyIsSetOnFunction
ok 539 spyShouldBeReturned
ok 540 spyShouldBeReturned
ok 541 originalFunctionCalledIfSpyStubbedThenRestored
ok 542 originalFunctionCalledIfSpyStubbedThenRestored
ok 543 originalFunctionNotCalledIfSpyNotFaked
ok 544 fakeFunctionNotCalledIfSpyNotFaked [ undefined ]
ok 545 fakeFunctionNotCalledIfSpyNotFaked [ undefined ]
ok 546 fakeFunctionNotCalledIfSpyNotFaked [ undefined ]
ok 547 fakeFunctionNotCalledIfSpyNotFaked [ null ]
ok 548 fakeFunctionNotCalledIfSpyNotFaked [ 0 ]
ok 549 fakeFunctionNotCalledIfSpyNotFaked [ 42 ]
ok 550 fakeFunctionNotCalledIfSpyNotFaked [ 4.2 ]
ok 551 fakeFunctionNotCalledIfSpyNotFaked [ -4.2 ]
ok 552 fakeFunctionNotCalledIfSpyNotFaked [ "" ]
ok 553 fakeFunctionNotCalledIfSpyNotFaked [ "something" ]
ok 554 fakeFunctionNotCalledIfSpyNotFaked
ok 555 originalFunctionNotCalledIfSpyNotStubbed
ok 556 originalFunctionNotCalledIfSpyNotStubbed [ [] ]
ok 557 originalFunctionNotCalledIfSpyNotStubbed [ [1] ]
ok 558 originalFunctionNotCalledIfSpyNotStubbed [ [1,2] ]
ok 559 originalFunctionNotCalledIfSpyNotStubbed [ ["one",2] ]
ok 560 originalFunctionNotCalledIfSpyNotStubbed [ [{"some":"thing"},[]] ]
ok 561 callAddedForEachCall [ 0 ]
ok 562 callAddedForEachCall [ 1 ]
ok 563 callAddedForEachCall [ 42 ]
ok 564 originalFunctionIsCalled
ok 565 originalFunctionNotCalledIfSpyStub
ok 566 givenReturnValueIsReturned [ undefined ]
ok 567 givenReturnValueIsReturned [ null ]
ok 568 givenReturnValueIsReturned [ 0 ]
ok 569 givenReturnValueIsReturned [ 42 ]
ok 570 givenReturnValueIsReturned [ 4.2 ]
ok 571 givenReturnValueIsReturned [ -4.2 ]
ok 572 givenReturnValueIsReturned [ "" ]
ok 573 givenReturnValueIsReturned [ "something" ]
ok 574 givenReturnValueIsReturned [ 1 ]
ok 575 givenReturnValueIsReturned [ 2 ]
ok 576 givenReturnValueIsReturned [ 3 ]
ok 577 shouldContainFocusedTest
ok 578 shouldNotContainUnfocusedTest
ok 579 shouldNotContainUnfocusedTest
ok 580 ignoredShouldBeTrueIfMetadataSet
ok 581 focussedShouldBeFalseByDefault
ok 582 focussedShouldBeTrueIfMetadataSet
ok 583 noTestsReturnsEmptyArray
ok 584 noTestsReturnsEmptyArray
ok 585 ignoredShouldBeTrueIfMetadataSet
ok 586 focussedShouldBeFalseByDefault
ok 587 focussedShouldBeTrueIfMetadataSet
ok 588 noTestsReturnsEmptyArray
ok 589 noTestsReturnsEmptyArray
ok 590 singleFocussedTest
ok 591 singleFocussedTest
ok 592 singleIgnoredTest
ok 593 singleIgnoredTest
ok 594 timeoutSetTest [ 1 ]
ok 595 timeoutSetTest [ 2 ]
ok 596 timeoutSetTest [ 42 ]
ok 597 timeoutSetTest [ 10 ]
ok 598 timeoutSetTest [ 25 ]
ok 599 timeoutSetTest [ 200 ]
ok 600 timeoutSetTest [ 250 ]
ok 601 timeoutSetTest [ 1 ]
ok 602 timeoutSetTest [ 2 ]
ok 603 timeoutSetTest [ 3 ]
ok 604 shouldEmitWithCorrectTestDescription [ "test that should pass" ]
ok 605 shouldEmitWithCorrectTestDescription [ "bla bla bla" ]
ok 606 shouldEmitWithCorrectTestDescription [ "hello this is a test" ]
ok 607 shouldEmitWithCorrectCaseArguments [ [1,5,7,8], "[ 1, 5, 7, 8 ]" ]
ok 608 shouldEmitWithCorrectCaseArguments [ ["a",3,true], "[ \"a\", 3, true ]" ]
ok 609 shouldEmitWithCorrectCaseArguments [ [5.25,6.25,7.22], "[ 5.25, 6.25, 7.22 ]" ]
ok 610 shouldEmitWithOkIfPass
ok 611 shouldEmitWithNotOkIfPass
ok 612 shouldEmitSkipCorrectly
ok 613 shouldEmitErrorCorrectly
ok 614 shouldEmitYamlWithCorrectMessage [ "message one" ]
ok 615 shouldEmitYamlWithCorrectMessage [ "another message" ]
ok 616 shouldEmitYamlWithCorrectMessage [ "yaba daba doo" ]
ok 617 shouldEmitYamlWithCorrectActualValue [ 5 ]
ok 618 shouldEmitYamlWithCorrectActualValue [ "tweny" ]
ok 619 shouldEmitYamlWithCorrectActualValue [ false ]
ok 620 shouldEmitYamlWithCorrectExpectedValue [ "five" ]
ok 621 shouldEmitYamlWithCorrectExpectedValue [ 20 ]
ok 622 shouldEmitYamlWithCorrectExpectedValue [ true ]
ok 623 shouldEmitYamlWithCorrectExpectedValue
ok 624 shouldEmitYamlWithCorrectExpectedValue
ok 625 asyncTestTimeoutFails # skip
ok 626 asyncTestTimeoutFails # skip
ok 627 testThrowsErrorOutputsNotOk
ok 628 testThrowsErrorOutputsNotOk
ok 629 firstTestFocussedSecondUnfocussedFirstIsRun
ok 630 secondTestFocussedFirstUnfocussedFirstIsRun
ok 631 secondTestFocussedFirstUnfocussedFirstIsRun
ok 632 emptyTestFixturesOutputsNoTestError
ok 633 testFixtureWithEmptyTestsOutputsNoTestError [ 1 ]
ok 634 testFixtureWithEmptyTestsOutputsNoTestError [ 2 ]
ok 635 testFixtureWithEmptyTestsOutputsNoTestError [ 13 ]
ok 636 multipleTestFixtureWithEmptyTestOutputsNoTestError [ 1 ]
ok 637 multipleTestFixtureWithEmptyTestOutputsNoTestError [ 2 ]
ok 638 multipleTestFixtureWithEmptyTestOutputsNoTestError [ 13 ]
ok 639 multipleTestFixtureWithMultipleEmptyTestOutputsNoTestError [ 1, 1 ]
ok 640 multipleTestFixtureWithMultipleEmptyTestOutputsNoTestError [ 1, 2 ]
ok 641 multipleTestFixtureWithMultipleEmptyTestOutputsNoTestError [ 1, 13 ]
ok 642 multipleTestFixtureWithMultipleEmptyTestOutputsNoTestError [ 2, 1 ]
ok 643 multipleTestFixtureWithMultipleEmptyTestOutputsNoTestError [ 2, 2 ]
ok 644 multipleTestFixtureWithMultipleEmptyTestOutputsNoTestError [ 2, 13 ]
ok 645 multipleTestFixtureWithMultipleEmptyTestOutputsNoTestError [ 13, 1 ]
ok 646 multipleTestFixtureWithMultipleEmptyTestOutputsNoTestError [ 13, 2 ]
ok 647 multipleTestFixtureWithMultipleEmptyTestOutputsNoTestError [ 13, 13 ]
ok 648 multipleTestFixtureWithMultipleEmptyTestOutputsNoTestError
ok 649 multipleTestFixtureWithSingleTestOutputsCorrectTestNumber [ 1 ]
ok 650 multipleTestFixtureWithSingleTestOutputsCorrectTestNumber [ 2 ]
ok 651 multipleTestFixtureWithSingleTestOutputsCorrectTestNumber [ 13 ]
ok 652 multipleTestFixtureWithMultipleTestsOutputsCorrectTestCount [ 1, 1 ]
ok 653 multipleTestFixtureWithMultipleTestsOutputsCorrectTestCount [ 1, 2 ]
ok 654 multipleTestFixtureWithMultipleTestsOutputsCorrectTestCount [ 1, 13 ]
ok 655 multipleTestFixtureWithMultipleTestsOutputsCorrectTestCount [ 2, 1 ]
ok 656 multipleTestFixtureWithMultipleTestsOutputsCorrectTestCount [ 2, 2 ]
ok 657 multipleTestFixtureWithMultipleTestsOutputsCorrectTestCount [ 2, 13 ]
ok 658 multipleTestFixtureWithMultipleTestsOutputsCorrectTestCount [ 13, 1 ]
ok 659 multipleTestFixtureWithMultipleTestsOutputsCorrectTestCount [ 13, 2 ]
ok 660 multipleTestFixtureWithMultipleTestsOutputsCorrectTestCount [ 13, 13 ]
ok 661 multipleTestFixtureWithMultipleTestsWithMultipleTestCasesOutputsCorrectTestCount [ 1, 1, 1 ]
ok 662 multipleTestFixtureWithMultipleTestsWithMultipleTestCasesOutputsCorrectTestCount [ 1, 2, 1 ]
ok 663 multipleTestFixtureWithMultipleTestsWithMultipleTestCasesOutputsCorrectTestCount [ 1, 13, 1 ]
ok 664 multipleTestFixtureWithMultipleTestsWithMultipleTestCasesOutputsCorrectTestCount [ 2, 1, 1 ]
ok 665 multipleTestFixtureWithMultipleTestsWithMultipleTestCasesOutputsCorrectTestCount [ 2, 2, 1 ]
ok 666 multipleTestFixtureWithMultipleTestsWithMultipleTestCasesOutputsCorrectTestCount [ 2, 13, 1 ]
ok 667 multipleTestFixtureWithMultipleTestsWithMultipleTestCasesOutputsCorrectTestCount [ 13, 1, 1 ]
ok 668 multipleTestFixtureWithMultipleTestsWithMultipleTestCasesOutputsCorrectTestCount [ 13, 2, 1 ]
ok 669 multipleTestFixtureWithMultipleTestsWithMultipleTestCasesOutputsCorrectTestCount [ 13, 13, 1 ]
ok 670 multipleTestFixtureWithMultipleTestsWithMultipleTestCasesOutputsCorrectTestCount [ 1, 1, 2 ]
ok 671 multipleTestFixtureWithMultipleTestsWithMultipleTestCasesOutputsCorrectTestCount [ 1, 2, 2 ]
ok 672 multipleTestFixtureWithMultipleTestsWithMultipleTestCasesOutputsCorrectTestCount [ 1, 13, 2 ]
ok 673 multipleTestFixtureWithMultipleTestsWithMultipleTestCasesOutputsCorrectTestCount [ 2, 1, 2 ]
ok 674 multipleTestFixtureWithMultipleTestsWithMultipleTestCasesOutputsCorrectTestCount [ 2, 2, 2 ]
ok 675 multipleTestFixtureWithMultipleTestsWithMultipleTestCasesOutputsCorrectTestCount [ 2, 13, 2 ]
ok 676 multipleTestFixtureWithMultipleTestsWithMultipleTestCasesOutputsCorrectTestCount [ 13, 1, 2 ]
ok 677 multipleTestFixtureWithMultipleTestsWithMultipleTestCasesOutputsCorrectTestCount [ 13, 2, 2 ]
ok 678 multipleTestFixtureWithMultipleTestsWithMultipleTestCasesOutputsCorrectTestCount [ 13, 13, 2 ]
ok 679 multipleTestFixtureWithMultipleTestsWithMultipleTestCasesOutputsCorrectTestCount [ 1, 1, 13 ]
ok 680 multipleTestFixtureWithMultipleTestsWithMultipleTestCasesOutputsCorrectTestCount [ 1, 2, 13 ]
ok 681 multipleTestFixtureWithMultipleTestsWithMultipleTestCasesOutputsCorrectTestCount [ 1, 13, 13 ]
ok 682 multipleTestFixtureWithMultipleTestsWithMultipleTestCasesOutputsCorrectTestCount [ 2, 1, 13 ]
ok 683 multipleTestFixtureWithMultipleTestsWithMultipleTestCasesOutputsCorrectTestCount [ 2, 2, 13 ]
ok 684 multipleTestFixtureWithMultipleTestsWithMultipleTestCasesOutputsCorrectTestCount [ 2, 13, 13 ]
ok 685 multipleTestFixtureWithMultipleTestsWithMultipleTestCasesOutputsCorrectTestCount [ 13, 1, 13 ]
ok 686 multipleTestFixtureWithMultipleTestsWithMultipleTestCasesOutputsCorrectTestCount [ 13, 2, 13 ]
ok 687 multipleTestFixtureWithMultipleTestsWithMultipleTestCasesOutputsCorrectTestCount [ 13, 13, 13 ]
ok 688 testFixtureWithMultipleTestsAndSecondWithNoneOutputsCorrectTestNumber [ 1 ]
ok 689 testFixtureWithMultipleTestsAndSecondWithNoneOutputsCorrectTestNumber [ 2 ]
ok 690 testFixtureWithMultipleTestsAndSecondWithNoneOutputsCorrectTestNumber [ 13 ]
ok 691 testFixtureWithMultipleTestsAndSecondWithNoneOutputsCorrectTestNumber

=============================== Coverage summary ===============================
Statements   : 97.8% ( 891/911 )
Branches     : 87.23% ( 280/321 )
Functions    : 98.52% ( 200/203 )
Lines        : 98.13% ( 839/855 )
================================================================================

> alsatian@1.0.0-alpha.8 remap-coverage C:\Users\james.monger\Desktop\js\a\alsatian
> remap-istanbul -i coverage/coverage.json --output coverage/report --type html

